
> hs-next@0.1.0 electron:build
> cross-env ELECTRON_BUILD=true next build && electron-builder

 ??Specified "rewrites" will not automatically work with "output: export". See more info here: https://nextjs.org/docs/messages/export-no-custom-routes
 ??Specified "headers" will not automatically work with "output: export". See more info here: https://nextjs.org/docs/messages/export-no-custom-routes
   ??Next.js 16.0.0 (Turbopack)
   - Environments: .env
   - Experiments (use with caution):
     쨌 optimizePackageImports

   Creating an optimized production build ...
 ??Specified "rewrites" will not automatically work with "output: export". See more info here: https://nextjs.org/docs/messages/export-no-custom-routes
 ??Specified "headers" will not automatically work with "output: export". See more info here: https://nextjs.org/docs/messages/export-no-custom-routes
 ??Compiled successfully in 5.5s
   Running TypeScript ...
   Collecting page data ...
   Generating static pages (0/18) ...
   Generating static pages (4/18) 
   Generating static pages (8/18) 
   Generating static pages (13/18) 
 ??Generating static pages (18/18) in 1681.4ms
   Finalizing page optimization ...
 ??rewrites, redirects, and headers are not applied when exporting your application, detected (rewrites, headers). See more info here: https://nextjs.org/docs/messages/export-no-custom-routes

Route (app)
????/
????/_not-found
????/announcements
????/dashboard
????/jig/management
????/jig/master-list
????/login
????/production/daily-report
????/production/management
????/production/schedule
????/production/shortage-management
????/quality/history
????/quality/issues
????/sample-center
????/sample-center/requests
????/settings
????/work-schedule


?? (Static)  prerendered as static content

  ??electron-builder  version=24.13.3 os=10.0.26100
  ??loaded configuration  file=package.json ("build" field)
  ??packaging       platform=win32 arch=x64 electron=22.3.27 appOutDir=dist\win-unpacked
  ??downloading     url=https://github.com/electron-userland/electron-builder-binaries/releases/download/winCodeSign-2.6.0/winCodeSign-2.6.0.7z size=5.6 MB parts=1
  ??downloaded      url=https://github.com/electron-userland/electron-builder-binaries/releases/download/winCodeSign-2.6.0/winCodeSign-2.6.0.7z duration=476ms
  殊?cannot execute  cause=exit status 2
                    out=
    7-Zip (a) 21.07 (x64) : Copyright (c) 1999-2021 Igor Pavlov : 2021-12-26
    
    Scanning the drive for archives:
    1 file, 5635384 bytes (5504 KiB)
    
    Extracting archive: C:\Users\HRY\AppData\Local\electron-builder\Cache\winCodeSign\200213491.7z
    --
    Path = C:\Users\HRY\AppData\Local\electron-builder\Cache\winCodeSign\200213491.7z
    Type = 7z
    Physical Size = 5635384
    Headers Size = 1492
    Method = LZMA2:24m LZMA:20 BCJ2
    Solid = +
    Blocks = 2
    
    
    Sub items Errors: 2
    
    Archives with Errors: 1
    
    Sub items Errors: 2
    
                    errorOut=ERROR: Cannot create symbolic link : 클라이언트가 필요한 권한을 가지고 있지 않습니다. : C:\Users\HRY\AppData\Local\electron-builder\Cache\winCodeSign\200213491\darwin\10.12\lib\libcrypto.dylib
    ERROR: Cannot create symbolic link : 클라이언트가 필요한 권한을 가지고 있지 않습니다. : C:\Users\HRY\AppData\Local\electron-builder\Cache\winCodeSign\200213491\darwin\10.12\lib\libssl.dylib
    
                    command='C:\Users\HRY\Desktop\HS_Next\hs-next\node_modules\7zip-bin\win\x64\7za.exe' x -bd 'C:\Users\HRY\AppData\Local\electron-builder\Cache\winCodeSign\200213491.7z' '-oC:\Users\HRY\AppData\Local\electron-builder\Cache\winCodeSign\200213491'
                    workingDir=C:\Users\HRY\AppData\Local\electron-builder\Cache\winCodeSign
  ??Above command failed, retrying 3 more times
  ??downloading     url=https://github.com/electron-userland/electron-builder-binaries/releases/download/winCodeSign-2.6.0/winCodeSign-2.6.0.7z size=5.6 MB parts=1
  ??downloaded      url=https://github.com/electron-userland/electron-builder-binaries/releases/download/winCodeSign-2.6.0/winCodeSign-2.6.0.7z duration=210ms
  殊?cannot execute  cause=exit status 2
                    out=
    7-Zip (a) 21.07 (x64) : Copyright (c) 1999-2021 Igor Pavlov : 2021-12-26
    
    Scanning the drive for archives:
    1 file, 5635384 bytes (5504 KiB)
    
    Extracting archive: C:\Users\HRY\AppData\Local\electron-builder\Cache\winCodeSign\278345787.7z
    --
    Path = C:\Users\HRY\AppData\Local\electron-builder\Cache\winCodeSign\278345787.7z
    Type = 7z
    Physical Size = 5635384
    Headers Size = 1492
    Method = LZMA2:24m LZMA:20 BCJ2
    Solid = +
    Blocks = 2
    
    
    Sub items Errors: 2
    
    Archives with Errors: 1
    
    Sub items Errors: 2
    
                    errorOut=ERROR: Cannot create symbolic link : 클라이언트가 필요한 권한을 가지고 있지 않습니다. : C:\Users\HRY\AppData\Local\electron-builder\Cache\winCodeSign\278345787\darwin\10.12\lib\libcrypto.dylib
    ERROR: Cannot create symbolic link : 클라이언트가 필요한 권한을 가지고 있지 않습니다. : C:\Users\HRY\AppData\Local\electron-builder\Cache\winCodeSign\278345787\darwin\10.12\lib\libssl.dylib
    
                    command='C:\Users\HRY\Desktop\HS_Next\hs-next\node_modules\7zip-bin\win\x64\7za.exe' x -bd 'C:\Users\HRY\AppData\Local\electron-builder\Cache\winCodeSign\278345787.7z' '-oC:\Users\HRY\AppData\Local\electron-builder\Cache\winCodeSign\278345787'
                    workingDir=C:\Users\HRY\AppData\Local\electron-builder\Cache\winCodeSign
  ??Above command failed, retrying 2 more times
  ??downloading     url=https://github.com/electron-userland/electron-builder-binaries/releases/download/winCodeSign-2.6.0/winCodeSign-2.6.0.7z size=5.6 MB parts=1
  ??downloaded      url=https://github.com/electron-userland/electron-builder-binaries/releases/download/winCodeSign-2.6.0/winCodeSign-2.6.0.7z duration=243ms
  殊?cannot execute  cause=exit status 2
                    out=
    7-Zip (a) 21.07 (x64) : Copyright (c) 1999-2021 Igor Pavlov : 2021-12-26
    
    Scanning the drive for archives:
    1 file, 5635384 bytes (5504 KiB)
    
    Extracting archive: C:\Users\HRY\AppData\Local\electron-builder\Cache\winCodeSign\191059419.7z
    --
    Path = C:\Users\HRY\AppData\Local\electron-builder\Cache\winCodeSign\191059419.7z
    Type = 7z
    Physical Size = 5635384
    Headers Size = 1492
    Method = LZMA2:24m LZMA:20 BCJ2
    Solid = +
    Blocks = 2
    
    
    Sub items Errors: 2
    
    Archives with Errors: 1
    
    Sub items Errors: 2
    
                    errorOut=ERROR: Cannot create symbolic link : 클라이언트가 필요한 권한을 가지고 있지 않습니다. : C:\Users\HRY\AppData\Local\electron-builder\Cache\winCodeSign\191059419\darwin\10.12\lib\libcrypto.dylib
    ERROR: Cannot create symbolic link : 클라이언트가 필요한 권한을 가지고 있지 않습니다. : C:\Users\HRY\AppData\Local\electron-builder\Cache\winCodeSign\191059419\darwin\10.12\lib\libssl.dylib
    
                    command='C:\Users\HRY\Desktop\HS_Next\hs-next\node_modules\7zip-bin\win\x64\7za.exe' x -bd 'C:\Users\HRY\AppData\Local\electron-builder\Cache\winCodeSign\191059419.7z' '-oC:\Users\HRY\AppData\Local\electron-builder\Cache\winCodeSign\191059419'
                    workingDir=C:\Users\HRY\AppData\Local\electron-builder\Cache\winCodeSign
  ??Above command failed, retrying 1 more times
  ??downloading     url=https://github.com/electron-userland/electron-builder-binaries/releases/download/winCodeSign-2.6.0/winCodeSign-2.6.0.7z size=5.6 MB parts=1
  ??downloaded      url=https://github.com/electron-userland/electron-builder-binaries/releases/download/winCodeSign-2.6.0/winCodeSign-2.6.0.7z duration=221ms
  殊?cannot execute  cause=exit status 2
                    out=
    7-Zip (a) 21.07 (x64) : Copyright (c) 1999-2021 Igor Pavlov : 2021-12-26
    
    Scanning the drive for archives:
    1 file, 5635384 bytes (5504 KiB)
    
    Extracting archive: C:\Users\HRY\AppData\Local\electron-builder\Cache\winCodeSign\752883455.7z
    --
    Path = C:\Users\HRY\AppData\Local\electron-builder\Cache\winCodeSign\752883455.7z
    Type = 7z
    Physical Size = 5635384
    Headers Size = 1492
    Method = LZMA2:24m LZMA:20 BCJ2
    Solid = +
    Blocks = 2
    
    
    Sub items Errors: 2
    
    Archives with Errors: 1
    
    Sub items Errors: 2
    
                    errorOut=ERROR: Cannot create symbolic link : 클라이언트가 필요한 권한을 가지고 있지 않습니다. : C:\Users\HRY\AppData\Local\electron-builder\Cache\winCodeSign\752883455\darwin\10.12\lib\libcrypto.dylib
    ERROR: Cannot create symbolic link : 클라이언트가 필요한 권한을 가지고 있지 않습니다. : C:\Users\HRY\AppData\Local\electron-builder\Cache\winCodeSign\752883455\darwin\10.12\lib\libssl.dylib
    
                    command='C:\Users\HRY\Desktop\HS_Next\hs-next\node_modules\7zip-bin\win\x64\7za.exe' x -bd 'C:\Users\HRY\AppData\Local\electron-builder\Cache\winCodeSign\752883455.7z' '-oC:\Users\HRY\AppData\Local\electron-builder\Cache\winCodeSign\752883455'
                    workingDir=C:\Users\HRY\AppData\Local\electron-builder\Cache\winCodeSign
  ??Above command failed, retrying 0 more times
